Running Gradle task 'assembleDebug'...                          
flutter : warning: [options] source value 8 is obsolete and will be removed in 
a future release
At line:1 char:157
+ ... drive-Android"; flutter build apk --debug *> build_output.txt; Write- ...
+                     ~~~~~~~~~~~~~~~~~~~~~~~~~~~~~~~~~~~~~~~~~~~~~
    + CategoryInfo          : NotSpecified: (warning: [optio... future release 
   :String) [], RemoteException
    + FullyQualifiedErrorId : NativeCommandError
 
warning: [options] target value 8 is obsolete and will be removed in a future 
release
warning: [options] To suppress warnings about obsolete options, use 
-Xlint:-options.
3 warnings
warning: [options] source value 8 is obsolete and will be removed in a future 
release
warning: [options] target value 8 is obsolete and will be removed in a future 
release
warning: [options] To suppress warnings about obsolete options, use 
-Xlint:-options.
3 warnings
warning: [options] source value 8 is obsolete and will be removed in a future 
release
warning: [options] target value 8 is obsolete and will be removed in a future 
release
warning: [options] To suppress warnings about obsolete options, use 
-Xlint:-options.
3 warnings
warning: [options] source value 8 is obsolete and will be removed in a future 
release
warning: [options] target value 8 is obsolete and will be removed in a future 
release
warning: [options] To suppress warnings about obsolete options, use 
-Xlint:-options.
3 warnings
warning: [options] source value 8 is obsolete and will be removed in a future 
release
warning: [options] target value 8 is obsolete and will be removed in a future 
release
warning: [options] To suppress warnings about obsolete options, use 
-Xlint:-options.
3 warnings
Checking the license for package CMake 3.22.1 in C:\Users\USER\AppData\Local\Android\Sdk\licenses
License for package CMake 3.22.1 accepted.
Preparing "Install CMake 3.22.1 v.3.22.1".
"Install CMake 3.22.1 v.3.22.1" ready.
Installing CMake 3.22.1 in C:\Users\USER\AppData\Local\Android\Sdk\cmake\3.22.1
"Install CMake 3.22.1 v.3.22.1" complete.
"Install CMake 3.22.1 v.3.22.1" finished.
Running Gradle task 'assembleDebug'...                            207.5s
ΓêÜ Built build\app\outputs\flutter-apk\app-debug.apk
